Archive member included to satisfy reference by file (symbol)

c:/ac6/systemworkbench/plugins/fr.ac6.mcu.externaltools.arm-none.win32_1.17.0.201812190825/tools/compiler/bin/../lib/gcc/arm-none-eabi/7.3.1/../../../../arm-none-eabi/lib/thumb/v7e-m/fpv4-sp/hard\libc.a(lib_a-errno.o)
                              src/syscalls.o (__errno)
c:/ac6/systemworkbench/plugins/fr.ac6.mcu.externaltools.arm-none.win32_1.17.0.201812190825/tools/compiler/bin/../lib/gcc/arm-none-eabi/7.3.1/../../../../arm-none-eabi/lib/thumb/v7e-m/fpv4-sp/hard\libc.a(lib_a-exit.o)
                              c:/ac6/systemworkbench/plugins/fr.ac6.mcu.externaltools.arm-none.win32_1.17.0.201812190825/tools/compiler/bin/../lib/gcc/arm-none-eabi/7.3.1/../../../../arm-none-eabi/lib/thumb/v7e-m/fpv4-sp/hard/crt0.o (exit)
c:/ac6/systemworkbench/plugins/fr.ac6.mcu.externaltools.arm-none.win32_1.17.0.201812190825/tools/compiler/bin/../lib/gcc/arm-none-eabi/7.3.1/../../../../arm-none-eabi/lib/thumb/v7e-m/fpv4-sp/hard\libc.a(lib_a-impure.o)
                              c:/ac6/systemworkbench/plugins/fr.ac6.mcu.externaltools.arm-none.win32_1.17.0.201812190825/tools/compiler/bin/../lib/gcc/arm-none-eabi/7.3.1/../../../../arm-none-eabi/lib/thumb/v7e-m/fpv4-sp/hard\libc.a(lib_a-exit.o) (_global_impure_ptr)
c:/ac6/systemworkbench/plugins/fr.ac6.mcu.externaltools.arm-none.win32_1.17.0.201812190825/tools/compiler/bin/../lib/gcc/arm-none-eabi/7.3.1/../../../../arm-none-eabi/lib/thumb/v7e-m/fpv4-sp/hard\libc.a(lib_a-init.o)
                              c:/ac6/systemworkbench/plugins/fr.ac6.mcu.externaltools.arm-none.win32_1.17.0.201812190825/tools/compiler/bin/../lib/gcc/arm-none-eabi/7.3.1/../../../../arm-none-eabi/lib/thumb/v7e-m/fpv4-sp/hard/crt0.o (__libc_init_array)
c:/ac6/systemworkbench/plugins/fr.ac6.mcu.externaltools.arm-none.win32_1.17.0.201812190825/tools/compiler/bin/../lib/gcc/arm-none-eabi/7.3.1/../../../../arm-none-eabi/lib/thumb/v7e-m/fpv4-sp/hard\libc.a(lib_a-memset.o)
                              c:/ac6/systemworkbench/plugins/fr.ac6.mcu.externaltools.arm-none.win32_1.17.0.201812190825/tools/compiler/bin/../lib/gcc/arm-none-eabi/7.3.1/../../../../arm-none-eabi/lib/thumb/v7e-m/fpv4-sp/hard/crt0.o (memset)
c:/ac6/systemworkbench/plugins/fr.ac6.mcu.externaltools.arm-none.win32_1.17.0.201812190825/tools/compiler/bin/../lib/gcc/arm-none-eabi/7.3.1/../../../../arm-none-eabi/lib/thumb/v7e-m/fpv4-sp/hard\libc.a(lib_a-__call_atexit.o)
                              c:/ac6/systemworkbench/plugins/fr.ac6.mcu.externaltools.arm-none.win32_1.17.0.201812190825/tools/compiler/bin/../lib/gcc/arm-none-eabi/7.3.1/../../../../arm-none-eabi/lib/thumb/v7e-m/fpv4-sp/hard\libc.a(lib_a-exit.o) (__call_exitprocs)
c:/ac6/systemworkbench/plugins/fr.ac6.mcu.externaltools.arm-none.win32_1.17.0.201812190825/tools/compiler/bin/../lib/gcc/arm-none-eabi/7.3.1/../../../../arm-none-eabi/lib/thumb/v7e-m/fpv4-sp/hard\libc.a(lib_a-atexit.o)
                              c:/ac6/systemworkbench/plugins/fr.ac6.mcu.externaltools.arm-none.win32_1.17.0.201812190825/tools/compiler/bin/../lib/gcc/arm-none-eabi/7.3.1/../../../../arm-none-eabi/lib/thumb/v7e-m/fpv4-sp/hard\libc.a(lib_a-__call_atexit.o) (atexit)
c:/ac6/systemworkbench/plugins/fr.ac6.mcu.externaltools.arm-none.win32_1.17.0.201812190825/tools/compiler/bin/../lib/gcc/arm-none-eabi/7.3.1/../../../../arm-none-eabi/lib/thumb/v7e-m/fpv4-sp/hard\libc.a(lib_a-fini.o)
                              c:/ac6/systemworkbench/plugins/fr.ac6.mcu.externaltools.arm-none.win32_1.17.0.201812190825/tools/compiler/bin/../lib/gcc/arm-none-eabi/7.3.1/../../../../arm-none-eabi/lib/thumb/v7e-m/fpv4-sp/hard\libc.a(lib_a-__call_atexit.o) (__libc_fini_array)
c:/ac6/systemworkbench/plugins/fr.ac6.mcu.externaltools.arm-none.win32_1.17.0.201812190825/tools/compiler/bin/../lib/gcc/arm-none-eabi/7.3.1/../../../../arm-none-eabi/lib/thumb/v7e-m/fpv4-sp/hard\libc.a(lib_a-lock.o)
                              c:/ac6/systemworkbench/plugins/fr.ac6.mcu.externaltools.arm-none.win32_1.17.0.201812190825/tools/compiler/bin/../lib/gcc/arm-none-eabi/7.3.1/../../../../arm-none-eabi/lib/thumb/v7e-m/fpv4-sp/hard\libc.a(lib_a-__call_atexit.o) (__retarget_lock_acquire_recursive)
c:/ac6/systemworkbench/plugins/fr.ac6.mcu.externaltools.arm-none.win32_1.17.0.201812190825/tools/compiler/bin/../lib/gcc/arm-none-eabi/7.3.1/../../../../arm-none-eabi/lib/thumb/v7e-m/fpv4-sp/hard\libc.a(lib_a-__atexit.o)
                              c:/ac6/systemworkbench/plugins/fr.ac6.mcu.externaltools.arm-none.win32_1.17.0.201812190825/tools/compiler/bin/../lib/gcc/arm-none-eabi/7.3.1/../../../../arm-none-eabi/lib/thumb/v7e-m/fpv4-sp/hard\libc.a(lib_a-atexit.o) (__register_exitproc)

Allocating common symbols
Common symbol       size              file

__lock___atexit_recursive_mutex
                    0x1               c:/ac6/systemworkbench/plugins/fr.ac6.mcu.externaltools.arm-none.win32_1.17.0.201812190825/tools/compiler/bin/../lib/gcc/arm-none-eabi/7.3.1/../../../../arm-none-eabi/lib/thumb/v7e-m/fpv4-sp/hard\libc.a(lib_a-lock.o)
__lock___arc4random_mutex
                    0x1               c:/ac6/systemworkbench/plugins/fr.ac6.mcu.externaltools.arm-none.win32_1.17.0.201812190825/tools/compiler/bin/../lib/gcc/arm-none-eabi/7.3.1/../../../../arm-none-eabi/lib/thumb/v7e-m/fpv4-sp/hard\libc.a(lib_a-lock.o)
__lock___env_recursive_mutex
                    0x1               c:/ac6/systemworkbench/plugins/fr.ac6.mcu.externaltools.arm-none.win32_1.17.0.201812190825/tools/compiler/bin/../lib/gcc/arm-none-eabi/7.3.1/../../../../arm-none-eabi/lib/thumb/v7e-m/fpv4-sp/hard\libc.a(lib_a-lock.o)
__lock___sinit_recursive_mutex
                    0x1               c:/ac6/systemworkbench/plugins/fr.ac6.mcu.externaltools.arm-none.win32_1.17.0.201812190825/tools/compiler/bin/../lib/gcc/arm-none-eabi/7.3.1/../../../../arm-none-eabi/lib/thumb/v7e-m/fpv4-sp/hard\libc.a(lib_a-lock.o)
__lock___malloc_recursive_mutex
                    0x1               c:/ac6/systemworkbench/plugins/fr.ac6.mcu.externaltools.arm-none.win32_1.17.0.201812190825/tools/compiler/bin/../lib/gcc/arm-none-eabi/7.3.1/../../../../arm-none-eabi/lib/thumb/v7e-m/fpv4-sp/hard\libc.a(lib_a-lock.o)
currentvalue        0x1               Drivers/src/keypad.o
__lock___at_quick_exit_mutex
                    0x1               c:/ac6/systemworkbench/plugins/fr.ac6.mcu.externaltools.arm-none.win32_1.17.0.201812190825/tools/compiler/bin/../lib/gcc/arm-none-eabi/7.3.1/../../../../arm-none-eabi/lib/thumb/v7e-m/fpv4-sp/hard\libc.a(lib_a-lock.o)
a                   0x1               Drivers/src/keypad.o
__lock___dd_hash_mutex
                    0x1               c:/ac6/systemworkbench/plugins/fr.ac6.mcu.externaltools.arm-none.win32_1.17.0.201812190825/tools/compiler/bin/../lib/gcc/arm-none-eabi/7.3.1/../../../../arm-none-eabi/lib/thumb/v7e-m/fpv4-sp/hard\libc.a(lib_a-lock.o)
__lock___tz_mutex   0x1               c:/ac6/systemworkbench/plugins/fr.ac6.mcu.externaltools.arm-none.win32_1.17.0.201812190825/tools/compiler/bin/../lib/gcc/arm-none-eabi/7.3.1/../../../../arm-none-eabi/lib/thumb/v7e-m/fpv4-sp/hard\libc.a(lib_a-lock.o)
__lock___sfp_recursive_mutex
                    0x1               c:/ac6/systemworkbench/plugins/fr.ac6.mcu.externaltools.arm-none.win32_1.17.0.201812190825/tools/compiler/bin/../lib/gcc/arm-none-eabi/7.3.1/../../../../arm-none-eabi/lib/thumb/v7e-m/fpv4-sp/hard\libc.a(lib_a-lock.o)

Discarded input sections

 .text          0x00000000        0x0 c:/ac6/systemworkbench/plugins/fr.ac6.mcu.externaltools.arm-none.win32_1.17.0.201812190825/tools/compiler/bin/../lib/gcc/arm-none-eabi/7.3.1/thumb/v7e-m/fpv4-sp/hard/crti.o
 .data          0x00000000        0x0 c:/ac6/systemworkbench/plugins/fr.ac6.mcu.externaltools.arm-none.win32_1.17.0.201812190825/tools/compiler/bin/../lib/gcc/arm-none-eabi/7.3.1/thumb/v7e-m/fpv4-sp/hard/crti.o
 .bss           0x00000000        0x0 c:/ac6/systemworkbench/plugins/fr.ac6.mcu.externaltools.arm-none.win32_1.17.0.201812190825/tools/compiler/bin/../lib/gcc/arm-none-eabi/7.3.1/thumb/v7e-m/fpv4-sp/hard/crti.o
 .data          0x00000000        0x4 c:/ac6/systemworkbench/plugins/fr.ac6.mcu.externaltools.arm-none.win32_1.17.0.201812190825/tools/compiler/bin/../lib/gcc/arm-none-eabi/7.3.1/thumb/v7e-m/fpv4-sp/hard/crtbegin.o
 .text          0x00000000       0x74 c:/ac6/systemworkbench/plugins/fr.ac6.mcu.externaltools.arm-none.win32_1.17.0.201812190825/tools/compiler/bin/../lib/gcc/arm-none-eabi/7.3.1/../../../../arm-none-eabi/lib/thumb/v7e-m/fpv4-sp/hard/crt0.o
 .data          0x00000000        0x0 c:/ac6/systemworkbench/plugins/fr.ac6.mcu.externaltools.arm-none.win32_1.17.0.201812190825/tools/compiler/bin/../lib/gcc/arm-none-eabi/7.3.1/../../../../arm-none-eabi/lib/thumb/v7e-m/fpv4-sp/hard/crt0.o
 .bss           0x00000000        0x0 c:/ac6/systemworkbench/plugins/fr.ac6.mcu.externaltools.arm-none.win32_1.17.0.201812190825/tools/compiler/bin/../lib/gcc/arm-none-eabi/7.3.1/../../../../arm-none-eabi/lib/thumb/v7e-m/fpv4-sp/hard/crt0.o
 .ARM.extab     0x00000000        0x0 c:/ac6/systemworkbench/plugins/fr.ac6.mcu.externaltools.arm-none.win32_1.17.0.201812190825/tools/compiler/bin/../lib/gcc/arm-none-eabi/7.3.1/../../../../arm-none-eabi/lib/thumb/v7e-m/fpv4-sp/hard/crt0.o
 .ARM.exidx     0x00000000        0x8 c:/ac6/systemworkbench/plugins/fr.ac6.mcu.externaltools.arm-none.win32_1.17.0.201812190825/tools/compiler/bin/../lib/gcc/arm-none-eabi/7.3.1/../../../../arm-none-eabi/lib/thumb/v7e-m/fpv4-sp/hard/crt0.o
 .ARM.attributes
                0x00000000       0x20 c:/ac6/systemworkbench/plugins/fr.ac6.mcu.externaltools.arm-none.win32_1.17.0.201812190825/tools/compiler/bin/../lib/gcc/arm-none-eabi/7.3.1/../../../../arm-none-eabi/lib/thumb/v7e-m/fpv4-sp/hard/crt0.o
 .group         0x00000000        0xc Drivers/src/gpio.o
 .group         0x00000000        0xc Drivers/src/gpio.o
 .group         0x00000000        0xc Drivers/src/gpio.o
 .group         0x00000000        0xc Drivers/src/gpio.o
 .group         0x00000000        0xc Drivers/src/gpio.o
 .group         0x00000000        0xc Drivers/src/gpio.o
 .group         0x00000000        0xc Drivers/src/gpio.o
 .group         0x00000000        0xc Drivers/src/gpio.o
 .group         0x00000000        0xc Drivers/src/gpio.o
 .group         0x00000000        0xc Drivers/src/gpio.o
 .group         0x00000000        0xc Drivers/src/gpio.o
 .group         0x00000000        0xc Drivers/src/gpio.o
 .group         0x00000000        0xc Drivers/src/gpio.o
 .text          0x00000000        0x0 Drivers/src/gpio.o
 .data          0x00000000        0x0 Drivers/src/gpio.o
 .bss           0x00000000        0x0 Drivers/src/gpio.o
 .group         0x00000000        0xc Drivers/src/keypad.o
 .group         0x00000000        0xc Drivers/src/keypad.o
 .group         0x00000000        0xc Drivers/src/keypad.o
 .group         0x00000000        0xc Drivers/src/keypad.o
 .group         0x00000000        0xc Drivers/src/keypad.o
 .group         0x00000000        0xc Drivers/src/keypad.o
 .group         0x00000000        0xc Drivers/src/keypad.o
 .group         0x00000000        0xc Drivers/src/keypad.o
 .group         0x00000000        0xc Drivers/src/keypad.o
 .group         0x00000000        0xc Drivers/src/keypad.o
 .group         0x00000000        0xc Drivers/src/keypad.o
 .group         0x00000000        0xc Drivers/src/keypad.o
 .group         0x00000000        0xc Drivers/src/keypad.o
 .text          0x00000000        0x0 Drivers/src/keypad.o
 .bss           0x00000000        0x0 Drivers/src/keypad.o
 .rodata        0x00000000        0x8 Drivers/src/keypad.o
 .debug_macro   0x00000000      0xa66 Drivers/src/keypad.o
 .debug_macro   0x00000000       0x65 Drivers/src/keypad.o
 .debug_macro   0x00000000       0x3b Drivers/src/keypad.o
 .debug_macro   0x00000000       0x22 Drivers/src/keypad.o
 .debug_macro   0x00000000       0x8e Drivers/src/keypad.o
 .debug_macro   0x00000000       0x51 Drivers/src/keypad.o
 .debug_macro   0x00000000       0xef Drivers/src/keypad.o
 .debug_macro   0x00000000       0x6a Drivers/src/keypad.o
 .debug_macro   0x00000000      0x1df Drivers/src/keypad.o
 .debug_macro   0x00000000       0x34 Drivers/src/keypad.o
 .debug_macro   0x00000000       0x26 Drivers/src/keypad.o
 .debug_macro   0x00000000      0xe43 Drivers/src/keypad.o
 .debug_macro   0x00000000     0x800a Drivers/src/keypad.o
 .group         0x00000000        0xc src/main.o
 .group         0x00000000        0xc src/main.o
 .group         0x00000000        0xc src/main.o
 .group         0x00000000        0xc src/main.o
 .group         0x00000000        0xc src/main.o
 .group         0x00000000        0xc src/main.o
 .group         0x00000000        0xc src/main.o
 .group         0x00000000        0xc src/main.o
 .group         0x00000000        0xc src/main.o
 .group         0x00000000        0xc src/main.o
 .group         0x00000000        0xc src/main.o
 .group         0x00000000        0xc src/main.o
 .group         0x00000000        0xc src/main.o
 .text          0x00000000        0x0 src/main.o
 .data          0x00000000        0x0 src/main.o
 .bss           0x00000000        0x0 src/main.o
 .debug_macro   0x00000000      0xa66 src/main.o
 .debug_macro   0x00000000       0x22 src/main.o
 .debug_macro   0x00000000       0x8e src/main.o
 .debug_macro   0x00000000       0x51 src/main.o
 .debug_macro   0x00000000       0xef src/main.o
 .debug_macro   0x00000000       0x6a src/main.o
 .debug_macro   0x00000000      0x1df src/main.o
 .debug_macro   0x00000000       0x65 src/main.o
 .debug_macro   0x00000000       0x3b src/main.o
 .debug_macro   0x00000000       0x34 src/main.o
 .debug_macro   0x00000000       0x26 src/main.o
 .debug_macro   0x00000000      0xe43 src/main.o
 .debug_macro   0x00000000     0x800a src/main.o
 .group         0x00000000        0xc src/syscalls.o
 .group         0x00000000        0xc src/syscalls.o
 .group         0x00000000        0xc src/syscalls.o
 .group         0x00000000        0xc src/syscalls.o
 .group         0x00000000        0xc src/syscalls.o
 .group         0x00000000        0xc src/syscalls.o
 .group         0x00000000        0xc src/syscalls.o
 .group         0x00000000        0xc src/syscalls.o
 .group         0x00000000        0xc src/syscalls.o
 .group         0x00000000        0xc src/syscalls.o
 .group         0x00000000        0xc src/syscalls.o
 .group         0x00000000        0xc src/syscalls.o
 .group         0x00000000        0xc src/syscalls.o
 .group         0x00000000        0xc src/syscalls.o
 .group         0x00000000        0xc src/syscalls.o
 .group         0x00000000        0xc src/syscalls.o
 .group         0x00000000        0xc src/syscalls.o
 .group         0x00000000        0xc src/syscalls.o
 .group         0x00000000        0xc src/syscalls.o
 .group         0x00000000        0xc src/syscalls.o
 .group         0x00000000        0xc src/syscalls.o
 .group         0x00000000        0xc src/syscalls.o
 .group         0x00000000        0xc src/syscalls.o
 .group         0x00000000        0xc src/syscalls.o
 .group         0x00000000        0xc src/syscalls.o
 .group         0x00000000        0xc src/syscalls.o
 .group         0x00000000        0xc src/syscalls.o
 .group         0x00000000        0xc src/syscalls.o
 .group         0x00000000        0xc src/syscalls.o
 .group         0x00000000        0xc src/syscalls.o
 .group         0x00000000        0xc src/syscalls.o
 .group         0x00000000        0xc src/syscalls.o
 .group         0x00000000        0xc src/syscalls.o
 .group         0x00000000        0xc src/syscalls.o
 .group         0x00000000        0xc src/syscalls.o
 .group         0x00000000        0xc src/syscalls.o
 .group         0x00000000        0xc src/syscalls.o
 .group         0x00000000        0xc src/syscalls.o
 .group         0x00000000        0xc src/syscalls.o
 .group         0x00000000        0xc src/syscalls.o
 .group         0x00000000        0xc src/syscalls.o
 .group         0x00000000        0xc src/syscalls.o
 .group         0x00000000        0xc src/syscalls.o
 .group         0x00000000        0xc src/syscalls.o
 .text          0x00000000        0x0 src/syscalls.o
 .data          0x00000000        0x4 src/syscalls.o
 .bss           0x00000000        0x8 src/syscalls.o
 .text.initialise_monitor_handles
                0x00000000        0xe src/syscalls.o
 .text._getpid  0x00000000       0x10 src/syscalls.o
 .text._kill    0x00000000       0x20 src/syscalls.o
 .text._exit    0x00000000       0x14 src/syscalls.o
 .text._read    0x00000000       0x3a src/syscalls.o
 .text._write   0x00000000       0x38 src/syscalls.o
 .text._sbrk    0x00000000       0x58 src/syscalls.o
 .text._close   0x00000000       0x18 src/syscalls.o
 .text._fstat   0x00000000       0x20 src/syscalls.o
 .text._isatty  0x00000000       0x16 src/syscalls.o
 .text._lseek   0x00000000       0x1a src/syscalls.o
 .text._open    0x00000000       0x1c src/syscalls.o
 .text._wait    0x00000000       0x1e src/syscalls.o
 .text._unlink  0x00000000       0x1e src/syscalls.o
 .text._times   0x00000000       0x18 src/syscalls.o
 .text._stat    0x00000000       0x20 src/syscalls.o
 .text._link    0x00000000       0x20 src/syscalls.o
 .text._fork    0x00000000       0x16 src/syscalls.o
 .text._execve  0x00000000       0x22 src/syscalls.o
 .debug_info    0x00000000      0xf2e src/syscalls.o
 .debug_abbrev  0x00000000      0x2aa src/syscalls.o
 .debug_aranges
                0x00000000       0xb0 src/syscalls.o
 .debug_ranges  0x00000000       0xa0 src/syscalls.o
 .debug_macro   0x00000000      0x243 src/syscalls.o
 .debug_macro   0x00000000      0xa66 src/syscalls.o
 .debug_macro   0x00000000       0x22 src/syscalls.o
 .debug_macro   0x00000000       0x58 src/syscalls.o
 .debug_macro   0x00000000       0x18 src/syscalls.o
 .debug_macro   0x00000000       0x94 src/syscalls.o
 .debug_macro   0x00000000       0x35 src/syscalls.o
 .debug_macro   0x00000000       0x34 src/syscalls.o
 .debug_macro   0x00000000       0x57 src/syscalls.o
 .debug_macro   0x00000000      0x174 src/syscalls.o
 .debug_macro   0x00000000      0x330 src/syscalls.o
 .debug_macro   0x00000000       0x58 src/syscalls.o
 .debug_macro   0x00000000       0x1f src/syscalls.o
 .debug_macro   0x00000000       0x43 src/syscalls.o
 .debug_macro   0x00000000       0x20 src/syscalls.o
 .debug_macro   0x00000000      0x18e src/syscalls.o
 .debug_macro   0x00000000       0x10 src/syscalls.o
 .debug_macro   0x00000000       0x35 src/syscalls.o
 .debug_macro   0x00000000       0x10 src/syscalls.o
 .debug_macro   0x00000000       0x10 src/syscalls.o
 .debug_macro   0x00000000       0x10 src/syscalls.o
 .debug_macro   0x00000000       0x6a src/syscalls.o
 .debug_macro   0x00000000       0x1c src/syscalls.o
 .debug_macro   0x00000000       0x52 src/syscalls.o
 .debug_macro   0x00000000       0x40 src/syscalls.o
 .debug_macro   0x00000000       0x10 src/syscalls.o
 .debug_macro   0x00000000       0x40 src/syscalls.o
 .debug_macro   0x00000000       0xd7 src/syscalls.o
 .debug_macro   0x00000000       0x1c src/syscalls.o
 .debug_macro   0x00000000       0x3d src/syscalls.o
 .debug_macro   0x00000000       0x35 src/syscalls.o
 .debug_macro   0x00000000      0x122 src/syscalls.o
 .debug_macro   0x00000000       0x16 src/syscalls.o
 .debug_macro   0x00000000       0x16 src/syscalls.o
 .debug_macro   0x00000000       0x29 src/syscalls.o
 .debug_macro   0x00000000       0x10 src/syscalls.o
 .debug_macro   0x00000000      0x241 src/syscalls.o
 .debug_macro   0x00000000       0x1c src/syscalls.o
 .debug_macro   0x00000000       0x10 src/syscalls.o
 .debug_macro   0x00000000       0x10 src/syscalls.o
 .debug_macro   0x00000000       0x16 src/syscalls.o
 .debug_macro   0x00000000      0x16f src/syscalls.o
 .debug_macro   0x00000000      0x189 src/syscalls.o
 .debug_macro   0x00000000       0x16 src/syscalls.o
 .debug_macro   0x00000000       0x88 src/syscalls.o
 .debug_line    0x00000000      0x5df src/syscalls.o
 .debug_str     0x00000000     0x855f src/syscalls.o
 .comment       0x00000000       0x80 src/syscalls.o
 .debug_frame   0x00000000      0x2d0 src/syscalls.o
 .ARM.attributes
                0x00000000       0x39 src/syscalls.o
 .group         0x00000000        0xc src/system_stm32f4xx.o
 .group         0x00000000        0xc src/system_stm32f4xx.o
 .group         0x00000000        0xc src/system_stm32f4xx.o
 .group         0x00000000        0xc src/system_stm32f4xx.o
 .group         0x00000000        0xc src/system_stm32f4xx.o
 .group         0x00000000        0xc src/system_stm32f4xx.o
 .group         0x00000000        0xc src/system_stm32f4xx.o
 .group         0x00000000        0xc src/system_stm32f4xx.o
 .group         0x00000000        0xc src/system_stm32f4xx.o
 .group         0x00000000        0xc src/system_stm32f4xx.o
 .group         0x00000000        0xc src/system_stm32f4xx.o
 .group         0x00000000        0xc src/system_stm32f4xx.o
 .group         0x00000000        0xc src/system_stm32f4xx.o
 .text          0x00000000        0x0 src/system_stm32f4xx.o
 .data          0x00000000       0x14 src/system_stm32f4xx.o
 .bss           0x00000000        0x0 src/system_stm32f4xx.o
 .text.SystemCoreClockUpdate
                0x00000000       0xf8 src/system_stm32f4xx.o
 .debug_macro   0x00000000      0xa66 src/system_stm32f4xx.o
 .debug_macro   0x00000000       0x65 src/system_stm32f4xx.o
 .debug_macro   0x00000000       0x3b src/system_stm32f4xx.o
 .debug_macro   0x00000000       0x22 src/system_stm32f4xx.o
 .debug_macro   0x00000000       0x8e src/system_stm32f4xx.o
 .debug_macro   0x00000000       0x51 src/system_stm32f4xx.o
 .debug_macro   0x00000000       0xef src/system_stm32f4xx.o
 .debug_macro   0x00000000       0x6a src/system_stm32f4xx.o
 .debug_macro   0x00000000      0x1df src/system_stm32f4xx.o
 .debug_macro   0x00000000       0x34 src/system_stm32f4xx.o
 .debug_macro   0x00000000       0x26 src/system_stm32f4xx.o
 .debug_macro   0x00000000      0xe43 src/system_stm32f4xx.o
 .debug_macro   0x00000000     0x800a src/system_stm32f4xx.o
 .text          0x00000000       0x14 startup/startup_stm32.o
 .data          0x00000000        0x0 startup/startup_stm32.o
 .bss           0x00000000        0x0 startup/startup_stm32.o
 .text          0x00000000        0x0 c:/ac6/systemworkbench/plugins/fr.ac6.mcu.externaltools.arm-none.win32_1.17.0.201812190825/tools/compiler/bin/../lib/gcc/arm-none-eabi/7.3.1/../../../../arm-none-eabi/lib/thumb/v7e-m/fpv4-sp/hard\libc.a(lib_a-errno.o)
 .data          0x00000000        0x0 c:/ac6/systemworkbench/plugins/fr.ac6.mcu.externaltools.arm-none.win32_1.17.0.201812190825/tools/compiler/bin/../lib/gcc/arm-none-eabi/7.3.1/../../../../arm-none-eabi/lib/thumb/v7e-m/fpv4-sp/hard\libc.a(lib_a-errno.o)
 .bss           0x00000000        0x0 c:/ac6/systemworkbench/plugins/fr.ac6.mcu.externaltools.arm-none.win32_1.17.0.201812190825/tools/compiler/bin/../lib/gcc/arm-none-eabi/7.3.1/../../../../arm-none-eabi/lib/thumb/v7e-m/fpv4-sp/hard\libc.a(lib_a-errno.o)
 .text.__errno  0x00000000        0xc c:/ac6/systemworkbench/plugins/fr.ac6.mcu.externaltools.arm-none.win32_1.17.0.201812190825/tools/compiler/bin/../lib/gcc/arm-none-eabi/7.3.1/../../../../arm-none-eabi/lib/thumb/v7e-m/fpv4-sp/hard\libc.a(lib_a-errno.o)
 .debug_frame   0x00000000       0x20 c:/ac6/systemworkbench/plugins/fr.ac6.mcu.externaltools.arm-none.win32_1.17.0.201812190825/tools/compiler/bin/../lib/gcc/arm-none-eabi/7.3.1/../../../../arm-none-eabi/lib/thumb/v7e-m/fpv4-sp/hard\libc.a(lib_a-errno.o)
 .ARM.attributes
                0x00000000       0x34 c:/ac6/systemworkbench/plugins/fr.ac6.mcu.externaltools.arm-none.win32_1.17.0.201812190825/tools/compiler/bin/../lib/gcc/arm-none-eabi/7.3.1/../../../../arm-none-eabi/lib/thumb/v7e-m/fpv4-sp/hard\libc.a(lib_a-errno.o)
 .text          0x00000000        0x0 c:/ac6/systemworkbench/plugins/fr.ac6.mcu.externaltools.arm-none.win32_1.17.0.201812190825/tools/compiler/bin/../lib/gcc/arm-none-eabi/7.3.1/../../../../arm-none-eabi/lib/thumb/v7e-m/fpv4-sp/hard\libc.a(lib_a-exit.o)
 .data          0x00000000        0x0 c:/ac6/systemworkbench/plugins/fr.ac6.mcu.externaltools.arm-none.win32_1.17.0.201812190825/tools/compiler/bin/../lib/gcc/arm-none-eabi/7.3.1/../../../../arm-none-eabi/lib/thumb/v7e-m/fpv4-sp/hard\libc.a(lib_a-exit.o)
 .bss           0x00000000        0x0 c:/ac6/systemworkbench/plugins/fr.ac6.mcu.externaltools.arm-none.win32_1.17.0.201812190825/tools/compiler/bin/../lib/gcc/arm-none-eabi/7.3.1/../../../../arm-none-eabi/lib/thumb/v7e-m/fpv4-sp/hard\libc.a(lib_a-exit.o)
 .text.exit     0x00000000       0x20 c:/ac6/systemworkbench/plugins/fr.ac6.mcu.externaltools.arm-none.win32_1.17.0.201812190825/tools/compiler/bin/../lib/gcc/arm-none-eabi/7.3.1/../../../../arm-none-eabi/lib/thumb/v7e-m/fpv4-sp/hard\libc.a(lib_a-exit.o)
 .debug_frame   0x00000000       0x28 c:/ac6/systemworkbench/plugins/fr.ac6.mcu.externaltools.arm-none.win32_1.17.0.201812190825/tools/compiler/bin/../lib/gcc/arm-none-eabi/7.3.1/../../../../arm-none-eabi/lib/thumb/v7e-m/fpv4-sp/hard\libc.a(lib_a-exit.o)
 .ARM.attributes
                0x00000000       0x34 c:/ac6/systemworkbench/plugins/fr.ac6.mcu.externaltools.arm-none.win32_1.17.0.201812190825/tools/compiler/bin/../lib/gcc/arm-none-eabi/7.3.1/../../../../arm-none-eabi/lib/thumb/v7e-m/fpv4-sp/hard\libc.a(lib_a-exit.o)
 .text          0x00000000        0x0 c:/ac6/systemworkbench/plugins/fr.ac6.mcu.externaltools.arm-none.win32_1.17.0.201812190825/tools/compiler/bin/../lib/gcc/arm-none-eabi/7.3.1/../../../../arm-none-eabi/lib/thumb/v7e-m/fpv4-sp/hard\libc.a(lib_a-impure.o)
 .data          0x00000000        0x0 c:/ac6/systemworkbench/plugins/fr.ac6.mcu.externaltools.arm-none.win32_1.17.0.201812190825/tools/compiler/bin/../lib/gcc/arm-none-eabi/7.3.1/../../../../arm-none-eabi/lib/thumb/v7e-m/fpv4-sp/hard\libc.a(lib_a-impure.o)
 .bss           0x00000000        0x0 c:/ac6/systemworkbench/plugins/fr.ac6.mcu.externaltools.arm-none.win32_1.17.0.201812190825/tools/compiler/bin/../lib/gcc/arm-none-eabi/7.3.1/../../../../arm-none-eabi/lib/thumb/v7e-m/fpv4-sp/hard\libc.a(lib_a-impure.o)
 .data._impure_ptr
                0x00000000        0x4 c:/ac6/systemworkbench/plugins/fr.ac6.mcu.externaltools.arm-none.win32_1.17.0.201812190825/tools/compiler/bin/../lib/gcc/arm-none-eabi/7.3.1/../../../../arm-none-eabi/lib/thumb/v7e-m/fpv4-sp/hard\libc.a(lib_a-impure.o)
 .text          0x00000000        0x0 c:/ac6/systemworkbench/plugins/fr.ac6.mcu.externaltools.arm-none.win32_1.17.0.201812190825/tools/compiler/bin/../lib/gcc/arm-none-eabi/7.3.1/../../../../arm-none-eabi/lib/thumb/v7e-m/fpv4-sp/hard\libc.a(lib_a-init.o)
 .data          0x00000000        0x0 c:/ac6/systemworkbench/plugins/fr.ac6.mcu.externaltools.arm-none.win32_1.17.0.201812190825/tools/compiler/bin/../lib/gcc/arm-none-eabi/7.3.1/../../../../arm-none-eabi/lib/thumb/v7e-m/fpv4-sp/hard\libc.a(lib_a-init.o)
 .bss           0x00000000        0x0 c:/ac6/systemworkbench/plugins/fr.ac6.mcu.externaltools.arm-none.win32_1.17.0.201812190825/tools/compiler/bin/../lib/gcc/arm-none-eabi/7.3.1/../../../../arm-none-eabi/lib/thumb/v7e-m/fpv4-sp/hard\libc.a(lib_a-init.o)
 .text          0x00000000        0x0 c:/ac6/systemworkbench/plugins/fr.ac6.mcu.externaltools.arm-none.win32_1.17.0.201812190825/tools/compiler/bin/../lib/gcc/arm-none-eabi/7.3.1/../../../../arm-none-eabi/lib/thumb/v7e-m/fpv4-sp/hard\libc.a(lib_a-memset.o)
 .data          0x00000000        0x0 c:/ac6/systemworkbench/plugins/fr.ac6.mcu.externaltools.arm-none.win32_1.17.0.201812190825/tools/compiler/bin/../lib/gcc/arm-none-eabi/7.3.1/../../../../arm-none-eabi/lib/thumb/v7e-m/fpv4-sp/hard\libc.a(lib_a-memset.o)
 .bss           0x00000000        0x0 c:/ac6/systemworkbench/plugins/fr.ac6.mcu.externaltools.arm-none.win32_1.17.0.201812190825/tools/compiler/bin/../lib/gcc/arm-none-eabi/7.3.1/../../../../arm-none-eabi/lib/thumb/v7e-m/fpv4-sp/hard\libc.a(lib_a-memset.o)
 .text.memset   0x00000000       0x94 c:/ac6/systemworkbench/plugins/fr.ac6.mcu.externaltools.arm-none.win32_1.17.0.201812190825/tools/compiler/bin/../lib/gcc/arm-none-eabi/7.3.1/../../../../arm-none-eabi/lib/thumb/v7e-m/fpv4-sp/hard\libc.a(lib_a-memset.o)
 .debug_frame   0x00000000       0x38 c:/ac6/systemworkbench/plugins/fr.ac6.mcu.externaltools.arm-none.win32_1.17.0.201812190825/tools/compiler/bin/../lib/gcc/arm-none-eabi/7.3.1/../../../../arm-none-eabi/lib/thumb/v7e-m/fpv4-sp/hard\libc.a(lib_a-memset.o)
 .ARM.attributes
                0x00000000       0x34 c:/ac6/systemworkbench/plugins/fr.ac6.mcu.externaltools.arm-none.win32_1.17.0.201812190825/tools/compiler/bin/../lib/gcc/arm-none-eabi/7.3.1/../../../../arm-none-eabi/lib/thumb/v7e-m/fpv4-sp/hard\libc.a(lib_a-memset.o)
 .text          0x00000000        0x0 c:/ac6/systemworkbench/plugins/fr.ac6.mcu.externaltools.arm-none.win32_1.17.0.201812190825/tools/compiler/bin/../lib/gcc/arm-none-eabi/7.3.1/../../../../arm-none-eabi/lib/thumb/v7e-m/fpv4-sp/hard\libc.a(lib_a-__call_atexit.o)
 .data          0x00000000        0x0 c:/ac6/systemworkbench/plugins/fr.ac6.mcu.externaltools.arm-none.win32_1.17.0.201812190825/tools/compiler/bin/../lib/gcc/arm-none-eabi/7.3.1/../../../../arm-none-eabi/lib/thumb/v7e-m/fpv4-sp/hard\libc.a(lib_a-__call_atexit.o)
 .bss           0x00000000        0x0 c:/ac6/systemworkbench/plugins/fr.ac6.mcu.externaltools.arm-none.win32_1.17.0.201812190825/tools/compiler/bin/../lib/gcc/arm-none-eabi/7.3.1/../../../../arm-none-eabi/lib/thumb/v7e-m/fpv4-sp/hard\libc.a(lib_a-__call_atexit.o)
 .text.__call_exitprocs
                0x00000000       0xe8 c:/ac6/systemworkbench/plugins/fr.ac6.mcu.externaltools.arm-none.win32_1.17.0.201812190825/tools/compiler/bin/../lib/gcc/arm-none-eabi/7.3.1/../../../../arm-none-eabi/lib/thumb/v7e-m/fpv4-sp/hard\libc.a(lib_a-__call_atexit.o)
 .text          0x00000000        0x0 c:/ac6/systemworkbench/plugins/fr.ac6.mcu.externaltools.arm-none.win32_1.17.0.201812190825/tools/compiler/bin/../lib/gcc/arm-none-eabi/7.3.1/../../../../arm-none-eabi/lib/thumb/v7e-m/fpv4-sp/hard\libc.a(lib_a-atexit.o)
 .data          0x00000000        0x0 c:/ac6/systemworkbench/plugins/fr.ac6.mcu.externaltools.arm-none.win32_1.17.0.201812190825/tools/compiler/bin/../lib/gcc/arm-none-eabi/7.3.1/../../../../arm-none-eabi/lib/thumb/v7e-m/fpv4-sp/hard\libc.a(lib_a-atexit.o)
 .bss           0x00000000        0x0 c:/ac6/systemworkbench/plugins/fr.ac6.mcu.externaltools.arm-none.win32_1.17.0.201812190825/tools/compiler/bin/../lib/gcc/arm-none-eabi/7.3.1/../../../../arm-none-eabi/lib/thumb/v7e-m/fpv4-sp/hard\libc.a(lib_a-atexit.o)
 .text          0x00000000        0x0 c:/ac6/systemworkbench/plugins/fr.ac6.mcu.externaltools.arm-none.win32_1.17.0.201812190825/tools/compiler/bin/../lib/gcc/arm-none-eabi/7.3.1/../../../../arm-none-eabi/lib/thumb/v7e-m/fpv4-sp/hard\libc.a(lib_a-fini.o)
 .data          0x00000000        0x0 c:/ac6/systemworkbench/plugins/fr.ac6.mcu.externaltools.arm-none.win32_1.17.0.201812190825/tools/compiler/bin/../lib/gcc/arm-none-eabi/7.3.1/../../../../arm-none-eabi/lib/thumb/v7e-m/fpv4-sp/hard\libc.a(lib_a-fini.o)
 .bss           0x00000000        0x0 c:/ac6/systemworkbench/plugins/fr.ac6.mcu.externaltools.arm-none.win32_1.17.0.201812190825/tools/compiler/bin/../lib/gcc/arm-none-eabi/7.3.1/../../../../arm-none-eabi/lib/thumb/v7e-m/fpv4-sp/hard\libc.a(lib_a-fini.o)
 .text          0x00000000        0x0 c:/ac6/systemworkbench/plugins/fr.ac6.mcu.externaltools.arm-none.win32_1.17.0.201812190825/tools/compiler/bin/../lib/gcc/arm-none-eabi/7.3.1/../../../../arm-none-eabi/lib/thumb/v7e-m/fpv4-sp/hard\libc.a(lib_a-lock.o)
 .data          0x00000000        0x0 c:/ac6/systemworkbench/plugins/fr.ac6.mcu.externaltools.arm-none.win32_1.17.0.201812190825/tools/compiler/bin/../lib/gcc/arm-none-eabi/7.3.1/../../../../arm-none-eabi/lib/thumb/v7e-m/fpv4-sp/hard\libc.a(lib_a-lock.o)
 .bss           0x00000000        0x0 c:/ac6/systemworkbench/plugins/fr.ac6.mcu.externaltools.arm-none.win32_1.17.0.201812190825/tools/compiler/bin/../lib/gcc/arm-none-eabi/7.3.1/../../../../arm-none-eabi/lib/thumb/v7e-m/fpv4-sp/hard\libc.a(lib_a-lock.o)
 .text.__retarget_lock_init
                0x00000000        0x4 c:/ac6/systemworkbench/plugins/fr.ac6.mcu.externaltools.arm-none.win32_1.17.0.201812190825/tools/compiler/bin/../lib/gcc/arm-none-eabi/7.3.1/../../../../arm-none-eabi/lib/thumb/v7e-m/fpv4-sp/hard\libc.a(lib_a-lock.o)
 .text.__retarget_lock_init_recursive
                0x00000000        0x4 c:/ac6/systemworkbench/plugins/fr.ac6.mcu.externaltools.arm-none.win32_1.17.0.201812190825/tools/compiler/bin/../lib/gcc/arm-none-eabi/7.3.1/../../../../arm-none-eabi/lib/thumb/v7e-m/fpv4-sp/hard\libc.a(lib_a-lock.o)
 .text.__retarget_lock_close
                0x00000000        0x4 c:/ac6/systemworkbench/plugins/fr.ac6.mcu.externaltools.arm-none.win32_1.17.0.201812190825/tools/compiler/bin/../lib/gcc/arm-none-eabi/7.3.1/../../../../arm-none-eabi/lib/thumb/v7e-m/fpv4-sp/hard\libc.a(lib_a-lock.o)
 .text.__retarget_lock_close_recursive
                0x00000000        0x4 c:/ac6/systemworkbench/plugins/fr.ac6.mcu.externaltools.arm-none.win32_1.17.0.201812190825/tools/compiler/bin/../lib/gcc/arm-none-eabi/7.3.1/../../../../arm-none-eabi/lib/thumb/v7e-m/fpv4-sp/hard\libc.a(lib_a-lock.o)
 .text.__retarget_lock_acquire
                0x00000000        0x4 c:/ac6/systemworkbench/plugins/fr.ac6.mcu.externaltools.arm-none.win32_1.17.0.201812190825/tools/compiler/bin/../lib/gcc/arm-none-eabi/7.3.1/../../../../arm-none-eabi/lib/thumb/v7e-m/fpv4-sp/hard\libc.a(lib_a-lock.o)
 .text.__retarget_lock_try_acquire
                0x00000000        0x4 c:/ac6/systemworkbench/plugins/fr.ac6.mcu.externaltools.arm-none.win32_1.17.0.201812190825/tools/compiler/bin/../lib/gcc/arm-none-eabi/7.3.1/../../../../arm-none-eabi/lib/thumb/v7e-m/fpv4-sp/hard\libc.a(lib_a-lock.o)
 .text.__retarget_lock_try_acquire_recursive
                0x00000000        0x4 c:/ac6/systemworkbench/plugins/fr.ac6.mcu.externaltools.arm-none.win32_1.17.0.201812190825/tools/compiler/bin/../lib/gcc/arm-none-eabi/7.3.1/../../../../arm-none-eabi/lib/thumb/v7e-m/fpv4-sp/hard\libc.a(lib_a-lock.o)
 .text.__retarget_lock_release
                0x00000000        0x4 c:/ac6/systemworkbench/plugins/fr.ac6.mcu.externaltools.arm-none.win32_1.17.0.201812190825/tools/compiler/bin/../lib/gcc/arm-none-eabi/7.3.1/../../../../arm-none-eabi/lib/thumb/v7e-m/fpv4-sp/hard\libc.a(lib_a-lock.o)
 .text          0x00000000        0x0 c:/ac6/systemworkbench/plugins/fr.ac6.mcu.externaltools.arm-none.win32_1.17.0.201812190825/tools/compiler/bin/../lib/gcc/arm-none-eabi/7.3.1/../../../../arm-none-eabi/lib/thumb/v7e-m/fpv4-sp/hard\libc.a(lib_a-__atexit.o)
 .data          0x00000000        0x0 c:/ac6/systemworkbench/plugins/fr.ac6.mcu.externaltools.arm-none.win32_1.17.0.201812190825/tools/compiler/bin/../lib/gcc/arm-none-eabi/7.3.1/../../../../arm-none-eabi/lib/thumb/v7e-m/fpv4-sp/hard\libc.a(lib_a-__atexit.o)
 .bss           0x00000000        0x0 c:/ac6/systemworkbench/plugins/fr.ac6.mcu.externaltools.arm-none.win32_1.17.0.201812190825/tools/compiler/bin/../lib/gcc/arm-none-eabi/7.3.1/../../../../arm-none-eabi/lib/thumb/v7e-m/fpv4-sp/hard\libc.a(lib_a-__atexit.o)
 .text          0x00000000        0x0 c:/ac6/systemworkbench/plugins/fr.ac6.mcu.externaltools.arm-none.win32_1.17.0.201812190825/tools/compiler/bin/../lib/gcc/arm-none-eabi/7.3.1/thumb/v7e-m/fpv4-sp/hard/crtend.o
 .data          0x00000000        0x0 c:/ac6/systemworkbench/plugins/fr.ac6.mcu.externaltools.arm-none.win32_1.17.0.201812190825/tools/compiler/bin/../lib/gcc/arm-none-eabi/7.3.1/thumb/v7e-m/fpv4-sp/hard/crtend.o
 .bss           0x00000000        0x0 c:/ac6/systemworkbench/plugins/fr.ac6.mcu.externaltools.arm-none.win32_1.17.0.201812190825/tools/compiler/bin/../lib/gcc/arm-none-eabi/7.3.1/thumb/v7e-m/fpv4-sp/hard/crtend.o
 .eh_frame      0x00000000        0x4 c:/ac6/systemworkbench/plugins/fr.ac6.mcu.externaltools.arm-none.win32_1.17.0.201812190825/tools/compiler/bin/../lib/gcc/arm-none-eabi/7.3.1/thumb/v7e-m/fpv4-sp/hard/crtend.o
 .ARM.attributes
                0x00000000       0x34 c:/ac6/systemworkbench/plugins/fr.ac6.mcu.externaltools.arm-none.win32_1.17.0.201812190825/tools/compiler/bin/../lib/gcc/arm-none-eabi/7.3.1/thumb/v7e-m/fpv4-sp/hard/crtend.o
 .text          0x00000000        0x0 c:/ac6/systemworkbench/plugins/fr.ac6.mcu.externaltools.arm-none.win32_1.17.0.201812190825/tools/compiler/bin/../lib/gcc/arm-none-eabi/7.3.1/thumb/v7e-m/fpv4-sp/hard/crtn.o
 .data          0x00000000        0x0 c:/ac6/systemworkbench/plugins/fr.ac6.mcu.externaltools.arm-none.win32_1.17.0.201812190825/tools/compiler/bin/../lib/gcc/arm-none-eabi/7.3.1/thumb/v7e-m/fpv4-sp/hard/crtn.o
 .bss           0x00000000        0x0 c:/ac6/systemworkbench/plugins/fr.ac6.mcu.externaltools.arm-none.win32_1.17.0.201812190825/tools/compiler/bin/../lib/gcc/arm-none-eabi/7.3.1/thumb/v7e-m/fpv4-sp/hard/crtn.o

Memory Configuration

Name             Origin             Length             Attributes
RAM              0x20000000         0x00010000         xrw
ROM              0x08000000         0x00040000         xr
*default*        0x00000000         0xffffffff

Linker script and memory map

LOAD c:/ac6/systemworkbench/plugins/fr.ac6.mcu.externaltools.arm-none.win32_1.17.0.201812190825/tools/compiler/bin/../lib/gcc/arm-none-eabi/7.3.1/thumb/v7e-m/fpv4-sp/hard/crti.o
LOAD c:/ac6/systemworkbench/plugins/fr.ac6.mcu.externaltools.arm-none.win32_1.17.0.201812190825/tools/compiler/bin/../lib/gcc/arm-none-eabi/7.3.1/thumb/v7e-m/fpv4-sp/hard/crtbegin.o
LOAD c:/ac6/systemworkbench/plugins/fr.ac6.mcu.externaltools.arm-none.win32_1.17.0.201812190825/tools/compiler/bin/../lib/gcc/arm-none-eabi/7.3.1/../../../../arm-none-eabi/lib/thumb/v7e-m/fpv4-sp/hard/crt0.o
LOAD Drivers/src/gpio.o
LOAD Drivers/src/keypad.o
LOAD src/main.o
LOAD src/syscalls.o
LOAD src/system_stm32f4xx.o
LOAD startup/startup_stm32.o
LOAD c:/ac6/systemworkbench/plugins/fr.ac6.mcu.externaltools.arm-none.win32_1.17.0.201812190825/tools/compiler/bin/../lib/gcc/arm-none-eabi/7.3.1/../../../../arm-none-eabi/lib/thumb/v7e-m/fpv4-sp/hard\libm.a
START GROUP
LOAD c:/ac6/systemworkbench/plugins/fr.ac6.mcu.externaltools.arm-none.win32_1.17.0.201812190825/tools/compiler/bin/../lib/gcc/arm-none-eabi/7.3.1/thumb/v7e-m/fpv4-sp/hard\libgcc.a
LOAD c:/ac6/systemworkbench/plugins/fr.ac6.mcu.externaltools.arm-none.win32_1.17.0.201812190825/tools/compiler/bin/../lib/gcc/arm-none-eabi/7.3.1/../../../../arm-none-eabi/lib/thumb/v7e-m/fpv4-sp/hard\libc.a
END GROUP
LOAD c:/ac6/systemworkbench/plugins/fr.ac6.mcu.externaltools.arm-none.win32_1.17.0.201812190825/tools/compiler/bin/../lib/gcc/arm-none-eabi/7.3.1/thumb/v7e-m/fpv4-sp/hard/crtend.o
LOAD c:/ac6/systemworkbench/plugins/fr.ac6.mcu.externaltools.arm-none.win32_1.17.0.201812190825/tools/compiler/bin/../lib/gcc/arm-none-eabi/7.3.1/thumb/v7e-m/fpv4-sp/hard/crtn.o
                0x20010000                _estack = 0x20010000
                0x00000000                _Min_Heap_Size = 0x0
                0x00000400                _Min_Stack_Size = 0x400

.isr_vector     0x08000000      0x194
                0x08000000                . = ALIGN (0x4)
 *(.isr_vector)
 .isr_vector    0x08000000      0x194 startup/startup_stm32.o
                0x08000000                g_pfnVectors
                0x08000194                . = ALIGN (0x4)

.text           0x08000194      0x9c8
                0x08000194                . = ALIGN (0x4)
 *(.text)
 .text          0x08000194       0x40 c:/ac6/systemworkbench/plugins/fr.ac6.mcu.externaltools.arm-none.win32_1.17.0.201812190825/tools/compiler/bin/../lib/gcc/arm-none-eabi/7.3.1/thumb/v7e-m/fpv4-sp/hard/crtbegin.o
 *(.text*)
 .text.GPIO_Init
                0x080001d4       0xa0 Drivers/src/gpio.o
                0x080001d4                GPIO_Init
 .text.GPIO_Write
                0x08000274       0x64 Drivers/src/gpio.o
                0x08000274                GPIO_Write
 .text.GPIO_Read
                0x080002d8       0x76 Drivers/src/gpio.o
                0x080002d8                GPIO_Read
 *fill*         0x0800034e        0x2 
 .text.KeyPad_INIT
                0x08000350       0x9c Drivers/src/keypad.o
                0x08000350                KeyPad_INIT
 .text.KeyPad_MANAGE
                0x080003ec       0xdc Drivers/src/keypad.o
                0x080003ec                KeyPad_MANAGE
 .text.KeyPad_GET_VALUE
                0x080004c8       0x18 Drivers/src/keypad.o
                0x080004c8                KeyPad_GET_VALUE
 .text.KeypadCallouts_KeyPressNotificaton
                0x080004e0      0x33c Drivers/src/keypad.o
                0x080004e0                KeypadCallouts_KeyPressNotificaton
 .text.main     0x0800081c        0xe src/main.o
                0x0800081c                main
 *fill*         0x0800082a        0x2 
 .text.SystemInit
                0x0800082c       0x6c src/system_stm32f4xx.o
                0x0800082c                SystemInit
 .text.SetSysClock
                0x08000898       0xf4 src/system_stm32f4xx.o
 .text.Reset_Handler
                0x0800098c       0x50 startup/startup_stm32.o
                0x0800098c                Reset_Handler
 .text.Default_Handler
                0x080009dc        0x2 startup/startup_stm32.o
                0x080009dc                RTC_Alarm_IRQHandler
                0x080009dc                EXTI2_IRQHandler
                0x080009dc                DebugMon_Handler
                0x080009dc                SPI4_IRQHandler
                0x080009dc                TIM1_CC_IRQHandler
                0x080009dc                HardFault_Handler
                0x080009dc                SysTick_Handler
                0x080009dc                PVD_IRQHandler
                0x080009dc                SDIO_IRQHandler
                0x080009dc                TAMP_STAMP_IRQHandler
                0x080009dc                PendSV_Handler
                0x080009dc                NMI_Handler
                0x080009dc                EXTI3_IRQHandler
                0x080009dc                TIM1_UP_TIM10_IRQHandler
                0x080009dc                I2C3_ER_IRQHandler
                0x080009dc                EXTI0_IRQHandler
                0x080009dc                I2C2_EV_IRQHandler
                0x080009dc                FPU_IRQHandler
                0x080009dc                UsageFault_Handler
                0x080009dc                SPI1_IRQHandler
                0x080009dc                TIM1_BRK_TIM9_IRQHandler
                0x080009dc                I2C1_EV_IRQHandler
                0x080009dc                TIM3_IRQHandler
                0x080009dc                RCC_IRQHandler
                0x080009dc                Default_Handler
                0x080009dc                EXTI15_10_IRQHandler
                0x080009dc                ADC_IRQHandler
                0x080009dc                I2C3_EV_IRQHandler
                0x080009dc                EXTI9_5_IRQHandler
                0x080009dc                RTC_WKUP_IRQHandler
                0x080009dc                SPI2_IRQHandler
                0x080009dc                MemManage_Handler
                0x080009dc                SVC_Handler
                0x080009dc                EXTI4_IRQHandler
                0x080009dc                TIM2_IRQHandler
                0x080009dc                OTG_FS_WKUP_IRQHandler
                0x080009dc                TIM1_TRG_COM_TIM11_IRQHandler
                0x080009dc                EXTI1_IRQHandler
                0x080009dc                I2C2_ER_IRQHandler
                0x080009dc                FLASH_IRQHandler
                0x080009dc                BusFault_Handler
                0x080009dc                OTG_FS_IRQHandler
                0x080009dc                SPI3_IRQHandler
                0x080009dc                I2C1_ER_IRQHandler
 *fill*         0x080009de        0x2 
 .text.__libc_init_array
                0x080009e0       0x48 c:/ac6/systemworkbench/plugins/fr.ac6.mcu.externaltools.arm-none.win32_1.17.0.201812190825/tools/compiler/bin/../lib/gcc/arm-none-eabi/7.3.1/../../../../arm-none-eabi/lib/thumb/v7e-m/fpv4-sp/hard\libc.a(lib_a-init.o)
                0x080009e0                __libc_init_array
 .text.startup.register_fini
                0x08000a28       0x14 c:/ac6/systemworkbench/plugins/fr.ac6.mcu.externaltools.arm-none.win32_1.17.0.201812190825/tools/compiler/bin/../lib/gcc/arm-none-eabi/7.3.1/../../../../arm-none-eabi/lib/thumb/v7e-m/fpv4-sp/hard\libc.a(lib_a-__call_atexit.o)
 .text.atexit   0x08000a3c        0xc c:/ac6/systemworkbench/plugins/fr.ac6.mcu.externaltools.arm-none.win32_1.17.0.201812190825/tools/compiler/bin/../lib/gcc/arm-none-eabi/7.3.1/../../../../arm-none-eabi/lib/thumb/v7e-m/fpv4-sp/hard\libc.a(lib_a-atexit.o)
                0x08000a3c                atexit
 .text.__libc_fini_array
                0x08000a48       0x34 c:/ac6/systemworkbench/plugins/fr.ac6.mcu.externaltools.arm-none.win32_1.17.0.201812190825/tools/compiler/bin/../lib/gcc/arm-none-eabi/7.3.1/../../../../arm-none-eabi/lib/thumb/v7e-m/fpv4-sp/hard\libc.a(lib_a-fini.o)
                0x08000a48                __libc_fini_array
 .text.__retarget_lock_acquire_recursive
                0x08000a7c        0x4 c:/ac6/systemworkbench/plugins/fr.ac6.mcu.externaltools.arm-none.win32_1.17.0.201812190825/tools/compiler/bin/../lib/gcc/arm-none-eabi/7.3.1/../../../../arm-none-eabi/lib/thumb/v7e-m/fpv4-sp/hard\libc.a(lib_a-lock.o)
                0x08000a7c                __retarget_lock_acquire_recursive
 .text.__retarget_lock_release_recursive
                0x08000a80        0x4 c:/ac6/systemworkbench/plugins/fr.ac6.mcu.externaltools.arm-none.win32_1.17.0.201812190825/tools/compiler/bin/../lib/gcc/arm-none-eabi/7.3.1/../../../../arm-none-eabi/lib/thumb/v7e-m/fpv4-sp/hard\libc.a(lib_a-lock.o)
                0x08000a80                __retarget_lock_release_recursive
 .text.__register_exitproc
                0x08000a84       0xc0 c:/ac6/systemworkbench/plugins/fr.ac6.mcu.externaltools.arm-none.win32_1.17.0.201812190825/tools/compiler/bin/../lib/gcc/arm-none-eabi/7.3.1/../../../../arm-none-eabi/lib/thumb/v7e-m/fpv4-sp/hard\libc.a(lib_a-__atexit.o)
                0x08000a84                __register_exitproc
 *(.glue_7)
 .glue_7        0x08000b44        0x0 linker stubs
 *(.glue_7t)
 .glue_7t       0x08000b44        0x0 linker stubs
 *(.eh_frame)
 .eh_frame      0x08000b44        0x0 c:/ac6/systemworkbench/plugins/fr.ac6.mcu.externaltools.arm-none.win32_1.17.0.201812190825/tools/compiler/bin/../lib/gcc/arm-none-eabi/7.3.1/thumb/v7e-m/fpv4-sp/hard/crtbegin.o
 *(.init)
 .init          0x08000b44        0x4 c:/ac6/systemworkbench/plugins/fr.ac6.mcu.externaltools.arm-none.win32_1.17.0.201812190825/tools/compiler/bin/../lib/gcc/arm-none-eabi/7.3.1/thumb/v7e-m/fpv4-sp/hard/crti.o
                0x08000b44                _init
 .init          0x08000b48        0x8 c:/ac6/systemworkbench/plugins/fr.ac6.mcu.externaltools.arm-none.win32_1.17.0.201812190825/tools/compiler/bin/../lib/gcc/arm-none-eabi/7.3.1/thumb/v7e-m/fpv4-sp/hard/crtn.o
 *(.fini)
 .fini          0x08000b50        0x4 c:/ac6/systemworkbench/plugins/fr.ac6.mcu.externaltools.arm-none.win32_1.17.0.201812190825/tools/compiler/bin/../lib/gcc/arm-none-eabi/7.3.1/thumb/v7e-m/fpv4-sp/hard/crti.o
                0x08000b50                _fini
 .fini          0x08000b54        0x8 c:/ac6/systemworkbench/plugins/fr.ac6.mcu.externaltools.arm-none.win32_1.17.0.201812190825/tools/compiler/bin/../lib/gcc/arm-none-eabi/7.3.1/thumb/v7e-m/fpv4-sp/hard/crtn.o
                0x08000b5c                . = ALIGN (0x4)
                0x08000b5c                _etext = .

.vfp11_veneer   0x08000b5c        0x0
 .vfp11_veneer  0x08000b5c        0x0 linker stubs

.v4_bx          0x08000b5c        0x0
 .v4_bx         0x08000b5c        0x0 linker stubs

.iplt           0x08000b5c        0x0
 .iplt          0x08000b5c        0x0 c:/ac6/systemworkbench/plugins/fr.ac6.mcu.externaltools.arm-none.win32_1.17.0.201812190825/tools/compiler/bin/../lib/gcc/arm-none-eabi/7.3.1/thumb/v7e-m/fpv4-sp/hard/crtbegin.o

.rodata         0x08000b5c        0x4
                0x08000b5c                . = ALIGN (0x4)
 *(.rodata)
 *(.rodata*)
 .rodata._global_impure_ptr
                0x08000b5c        0x4 c:/ac6/systemworkbench/plugins/fr.ac6.mcu.externaltools.arm-none.win32_1.17.0.201812190825/tools/compiler/bin/../lib/gcc/arm-none-eabi/7.3.1/../../../../arm-none-eabi/lib/thumb/v7e-m/fpv4-sp/hard\libc.a(lib_a-impure.o)
                0x08000b5c                _global_impure_ptr
                0x08000b60                . = ALIGN (0x4)

.rel.dyn        0x08000b60        0x0
 .rel.iplt      0x08000b60        0x0 c:/ac6/systemworkbench/plugins/fr.ac6.mcu.externaltools.arm-none.win32_1.17.0.201812190825/tools/compiler/bin/../lib/gcc/arm-none-eabi/7.3.1/thumb/v7e-m/fpv4-sp/hard/crtbegin.o

.ARM.extab      0x08000b60        0x0
                0x08000b60                . = ALIGN (0x4)
 *(.ARM.extab* .gnu.linkonce.armextab.*)
                0x08000b60                . = ALIGN (0x4)

.ARM            0x08000b60        0x0
                0x08000b60                . = ALIGN (0x4)
                0x08000b60                __exidx_start = .
 *(.ARM.exidx*)
                0x08000b60                __exidx_end = .
                0x08000b60                . = ALIGN (0x4)

.preinit_array  0x08000b60        0x0
                0x08000b60                . = ALIGN (0x4)
                0x08000b60                PROVIDE (__preinit_array_start = .)
 *(.preinit_array*)
                0x08000b60                PROVIDE (__preinit_array_end = .)
                0x08000b60                . = ALIGN (0x4)

.init_array     0x08000b60        0x8
                0x08000b60                . = ALIGN (0x4)
                0x08000b60                PROVIDE (__init_array_start = .)
 *(SORT_BY_NAME(.init_array.*))
 .init_array.00000
                0x08000b60        0x4 c:/ac6/systemworkbench/plugins/fr.ac6.mcu.externaltools.arm-none.win32_1.17.0.201812190825/tools/compiler/bin/../lib/gcc/arm-none-eabi/7.3.1/../../../../arm-none-eabi/lib/thumb/v7e-m/fpv4-sp/hard\libc.a(lib_a-__call_atexit.o)
 *(.init_array*)
 .init_array    0x08000b64        0x4 c:/ac6/systemworkbench/plugins/fr.ac6.mcu.externaltools.arm-none.win32_1.17.0.201812190825/tools/compiler/bin/../lib/gcc/arm-none-eabi/7.3.1/thumb/v7e-m/fpv4-sp/hard/crtbegin.o
                0x08000b68                PROVIDE (__init_array_end = .)
                0x08000b68                . = ALIGN (0x4)

.fini_array     0x08000b68        0x4
                0x08000b68                . = ALIGN (0x4)
                0x08000b68                PROVIDE (__fini_array_start = .)
 *(SORT_BY_NAME(.fini_array.*))
 *(.fini_array*)
 .fini_array    0x08000b68        0x4 c:/ac6/systemworkbench/plugins/fr.ac6.mcu.externaltools.arm-none.win32_1.17.0.201812190825/tools/compiler/bin/../lib/gcc/arm-none-eabi/7.3.1/thumb/v7e-m/fpv4-sp/hard/crtbegin.o
                0x08000b6c                PROVIDE (__fini_array_end = .)
                0x08000b6c                . = ALIGN (0x4)
                0x08000b6c                _sidata = LOADADDR (.data)

.data           0x20000000      0x48c load address 0x08000b6c
                0x20000000                . = ALIGN (0x4)
                0x20000000                _sdata = .
 *(.data)
 .data          0x20000000       0x5a Drivers/src/keypad.o
                0x20000000                rows
                0x20000004                cols
                0x20000008                lookupTable
                0x20000014                lookupTable_7Seg
 *(.data*)
 *fill*         0x2000005a        0x6 
 .data.impure_data
                0x20000060      0x428 c:/ac6/systemworkbench/plugins/fr.ac6.mcu.externaltools.arm-none.win32_1.17.0.201812190825/tools/compiler/bin/../lib/gcc/arm-none-eabi/7.3.1/../../../../arm-none-eabi/lib/thumb/v7e-m/fpv4-sp/hard\libc.a(lib_a-impure.o)
 .data.__atexit_recursive_mutex
                0x20000488        0x4 c:/ac6/systemworkbench/plugins/fr.ac6.mcu.externaltools.arm-none.win32_1.17.0.201812190825/tools/compiler/bin/../lib/gcc/arm-none-eabi/7.3.1/../../../../arm-none-eabi/lib/thumb/v7e-m/fpv4-sp/hard\libc.a(lib_a-__call_atexit.o)
                0x20000488                __atexit_recursive_mutex
                0x2000048c                . = ALIGN (0x4)
                0x2000048c                _edata = .

.igot.plt       0x2000048c        0x0 load address 0x08000ff8
 .igot.plt      0x2000048c        0x0 c:/ac6/systemworkbench/plugins/fr.ac6.mcu.externaltools.arm-none.win32_1.17.0.201812190825/tools/compiler/bin/../lib/gcc/arm-none-eabi/7.3.1/thumb/v7e-m/fpv4-sp/hard/crtbegin.o
                0x2000048c                . = ALIGN (0x4)

.bss            0x2000048c       0x44 load address 0x08000ff8
                0x2000048c                _sbss = .
                0x2000048c                __bss_start__ = _sbss
 *(.bss)
 .bss           0x2000048c       0x1c c:/ac6/systemworkbench/plugins/fr.ac6.mcu.externaltools.arm-none.win32_1.17.0.201812190825/tools/compiler/bin/../lib/gcc/arm-none-eabi/7.3.1/thumb/v7e-m/fpv4-sp/hard/crtbegin.o
 *(.bss*)
 *(COMMON)
 COMMON         0x200004a8        0x2 Drivers/src/keypad.o
                0x200004a8                currentvalue
                0x200004a9                a
 *fill*         0x200004aa        0x2 
 COMMON         0x200004ac       0x21 c:/ac6/systemworkbench/plugins/fr.ac6.mcu.externaltools.arm-none.win32_1.17.0.201812190825/tools/compiler/bin/../lib/gcc/arm-none-eabi/7.3.1/../../../../arm-none-eabi/lib/thumb/v7e-m/fpv4-sp/hard\libc.a(lib_a-lock.o)
                0x200004ac                __lock___atexit_recursive_mutex
                0x200004b0                __lock___arc4random_mutex
                0x200004b4                __lock___env_recursive_mutex
                0x200004b8                __lock___sinit_recursive_mutex
                0x200004bc                __lock___malloc_recursive_mutex
                0x200004c0                __lock___at_quick_exit_mutex
                0x200004c4                __lock___dd_hash_mutex
                0x200004c8                __lock___tz_mutex
                0x200004cc                __lock___sfp_recursive_mutex
                0x200004d0                . = ALIGN (0x4)
 *fill*         0x200004cd        0x3 
                0x200004d0                _ebss = .
                0x200004d0                __bss_end__ = _ebss

._user_heap_stack
                0x200004d0      0x400 load address 0x08000ff8
                0x200004d0                . = ALIGN (0x8)
                0x200004d0                PROVIDE (end = .)
                [!provide]                PROVIDE (_end = .)
                0x200004d0                . = (. + _Min_Heap_Size)
                0x200008d0                . = (. + _Min_Stack_Size)
 *fill*         0x200004d0      0x400 
                0x200008d0                . = ALIGN (0x8)

/DISCARD/
 libc.a(*)
 libm.a(*)
 libgcc.a(*)

.ARM.attributes
                0x00000000       0x30
 *(.ARM.attributes)
 .ARM.attributes
                0x00000000       0x22 c:/ac6/systemworkbench/plugins/fr.ac6.mcu.externaltools.arm-none.win32_1.17.0.201812190825/tools/compiler/bin/../lib/gcc/arm-none-eabi/7.3.1/thumb/v7e-m/fpv4-sp/hard/crti.o
 .ARM.attributes
                0x00000022       0x34 c:/ac6/systemworkbench/plugins/fr.ac6.mcu.externaltools.arm-none.win32_1.17.0.201812190825/tools/compiler/bin/../lib/gcc/arm-none-eabi/7.3.1/thumb/v7e-m/fpv4-sp/hard/crtbegin.o
 .ARM.attributes
                0x00000056       0x39 Drivers/src/gpio.o
 .ARM.attributes
                0x0000008f       0x39 Drivers/src/keypad.o
 .ARM.attributes
                0x000000c8       0x39 src/main.o
 .ARM.attributes
                0x00000101       0x39 src/system_stm32f4xx.o
 .ARM.attributes
                0x0000013a       0x21 startup/startup_stm32.o
 .ARM.attributes
                0x0000015b       0x34 c:/ac6/systemworkbench/plugins/fr.ac6.mcu.externaltools.arm-none.win32_1.17.0.201812190825/tools/compiler/bin/../lib/gcc/arm-none-eabi/7.3.1/../../../../arm-none-eabi/lib/thumb/v7e-m/fpv4-sp/hard\libc.a(lib_a-impure.o)
 .ARM.attributes
                0x0000018f       0x34 c:/ac6/systemworkbench/plugins/fr.ac6.mcu.externaltools.arm-none.win32_1.17.0.201812190825/tools/compiler/bin/../lib/gcc/arm-none-eabi/7.3.1/../../../../arm-none-eabi/lib/thumb/v7e-m/fpv4-sp/hard\libc.a(lib_a-init.o)
 .ARM.attributes
                0x000001c3       0x34 c:/ac6/systemworkbench/plugins/fr.ac6.mcu.externaltools.arm-none.win32_1.17.0.201812190825/tools/compiler/bin/../lib/gcc/arm-none-eabi/7.3.1/../../../../arm-none-eabi/lib/thumb/v7e-m/fpv4-sp/hard\libc.a(lib_a-__call_atexit.o)
 .ARM.attributes
                0x000001f7       0x34 c:/ac6/systemworkbench/plugins/fr.ac6.mcu.externaltools.arm-none.win32_1.17.0.201812190825/tools/compiler/bin/../lib/gcc/arm-none-eabi/7.3.1/../../../../arm-none-eabi/lib/thumb/v7e-m/fpv4-sp/hard\libc.a(lib_a-atexit.o)
 .ARM.attributes
                0x0000022b       0x34 c:/ac6/systemworkbench/plugins/fr.ac6.mcu.externaltools.arm-none.win32_1.17.0.201812190825/tools/compiler/bin/../lib/gcc/arm-none-eabi/7.3.1/../../../../arm-none-eabi/lib/thumb/v7e-m/fpv4-sp/hard\libc.a(lib_a-fini.o)
 .ARM.attributes
                0x0000025f       0x34 c:/ac6/systemworkbench/plugins/fr.ac6.mcu.externaltools.arm-none.win32_1.17.0.201812190825/tools/compiler/bin/../lib/gcc/arm-none-eabi/7.3.1/../../../../arm-none-eabi/lib/thumb/v7e-m/fpv4-sp/hard\libc.a(lib_a-lock.o)
 .ARM.attributes
                0x00000293       0x34 c:/ac6/systemworkbench/plugins/fr.ac6.mcu.externaltools.arm-none.win32_1.17.0.201812190825/tools/compiler/bin/../lib/gcc/arm-none-eabi/7.3.1/../../../../arm-none-eabi/lib/thumb/v7e-m/fpv4-sp/hard\libc.a(lib_a-__atexit.o)
 .ARM.attributes
                0x000002c7       0x22 c:/ac6/systemworkbench/plugins/fr.ac6.mcu.externaltools.arm-none.win32_1.17.0.201812190825/tools/compiler/bin/../lib/gcc/arm-none-eabi/7.3.1/thumb/v7e-m/fpv4-sp/hard/crtn.o
OUTPUT(keypad.elf elf32-littlearm)

.debug_info     0x00000000     0x110b
 .debug_info    0x00000000      0x44b Drivers/src/gpio.o
 .debug_info    0x0000044b      0x5bf Drivers/src/keypad.o
 .debug_info    0x00000a0a       0xcd src/main.o
 .debug_info    0x00000ad7      0x612 src/system_stm32f4xx.o
 .debug_info    0x000010e9       0x22 startup/startup_stm32.o

.debug_abbrev   0x00000000      0x460
 .debug_abbrev  0x00000000      0x120 Drivers/src/gpio.o
 .debug_abbrev  0x00000120      0x154 Drivers/src/keypad.o
 .debug_abbrev  0x00000274       0x7d src/main.o
 .debug_abbrev  0x000002f1      0x15d src/system_stm32f4xx.o
 .debug_abbrev  0x0000044e       0x12 startup/startup_stm32.o

.debug_aranges  0x00000000       0xe0
 .debug_aranges
                0x00000000       0x30 Drivers/src/gpio.o
 .debug_aranges
                0x00000030       0x38 Drivers/src/keypad.o
 .debug_aranges
                0x00000068       0x20 src/main.o
 .debug_aranges
                0x00000088       0x30 src/system_stm32f4xx.o
 .debug_aranges
                0x000000b8       0x28 startup/startup_stm32.o

.debug_ranges   0x00000000       0x98
 .debug_ranges  0x00000000       0x20 Drivers/src/gpio.o
 .debug_ranges  0x00000020       0x28 Drivers/src/keypad.o
 .debug_ranges  0x00000048       0x10 src/main.o
 .debug_ranges  0x00000058       0x20 src/system_stm32f4xx.o
 .debug_ranges  0x00000078       0x20 startup/startup_stm32.o

.debug_macro    0x00000000     0xa0e7
 .debug_macro   0x00000000       0xb5 Drivers/src/gpio.o
 .debug_macro   0x000000b5      0xa66 Drivers/src/gpio.o
 .debug_macro   0x00000b1b       0x65 Drivers/src/gpio.o
 .debug_macro   0x00000b80       0x3b Drivers/src/gpio.o
 .debug_macro   0x00000bbb       0x22 Drivers/src/gpio.o
 .debug_macro   0x00000bdd       0x8e Drivers/src/gpio.o
 .debug_macro   0x00000c6b       0x51 Drivers/src/gpio.o
 .debug_macro   0x00000cbc       0xef Drivers/src/gpio.o
 .debug_macro   0x00000dab       0x6a Drivers/src/gpio.o
 .debug_macro   0x00000e15      0x1df Drivers/src/gpio.o
 .debug_macro   0x00000ff4       0x34 Drivers/src/gpio.o
 .debug_macro   0x00001028       0x26 Drivers/src/gpio.o
 .debug_macro   0x0000104e      0xe43 Drivers/src/gpio.o
 .debug_macro   0x00001e91     0x800a Drivers/src/gpio.o
 .debug_macro   0x00009e9b       0xbf Drivers/src/keypad.o
 .debug_macro   0x00009f5a       0xbe src/main.o
 .debug_macro   0x0000a018       0xcf src/system_stm32f4xx.o

.debug_line     0x00000000     0x1127
 .debug_line    0x00000000      0x3b2 Drivers/src/gpio.o
 .debug_line    0x000003b2      0x591 Drivers/src/keypad.o
 .debug_line    0x00000943      0x387 src/main.o
 .debug_line    0x00000cca      0x3e1 src/system_stm32f4xx.o
 .debug_line    0x000010ab       0x7c startup/startup_stm32.o

.debug_str      0x00000000    0x357f5
 .debug_str     0x00000000    0x3559e Drivers/src/gpio.o
                              0x35718 (size before relaxing)
 .debug_str     0x0003559e       0xc7 Drivers/src/keypad.o
                              0x35677 (size before relaxing)
 .debug_str     0x00035665       0x13 src/main.o
                              0x35584 (size before relaxing)
 .debug_str     0x00035678      0x154 src/system_stm32f4xx.o
                              0x357e3 (size before relaxing)
 .debug_str     0x000357cc       0x29 startup/startup_stm32.o
                                 0x39 (size before relaxing)

.comment        0x00000000       0x7f
 .comment       0x00000000       0x7f Drivers/src/gpio.o
                                 0x80 (size before relaxing)
 .comment       0x0000007f       0x80 Drivers/src/keypad.o
 .comment       0x0000007f       0x80 src/main.o
 .comment       0x0000007f       0x80 src/system_stm32f4xx.o

.debug_frame    0x00000000      0x390
 .debug_frame   0x00000000       0x88 Drivers/src/gpio.o
 .debug_frame   0x00000088       0xa0 Drivers/src/keypad.o
 .debug_frame   0x00000128       0x2c src/main.o
 .debug_frame   0x00000154       0x7c src/system_stm32f4xx.o
 .debug_frame   0x000001d0       0x2c c:/ac6/systemworkbench/plugins/fr.ac6.mcu.externaltools.arm-none.win32_1.17.0.201812190825/tools/compiler/bin/../lib/gcc/arm-none-eabi/7.3.1/../../../../arm-none-eabi/lib/thumb/v7e-m/fpv4-sp/hard\libc.a(lib_a-init.o)
 .debug_frame   0x000001fc       0x5c c:/ac6/systemworkbench/plugins/fr.ac6.mcu.externaltools.arm-none.win32_1.17.0.201812190825/tools/compiler/bin/../lib/gcc/arm-none-eabi/7.3.1/../../../../arm-none-eabi/lib/thumb/v7e-m/fpv4-sp/hard\libc.a(lib_a-__call_atexit.o)
 .debug_frame   0x00000258       0x20 c:/ac6/systemworkbench/plugins/fr.ac6.mcu.externaltools.arm-none.win32_1.17.0.201812190825/tools/compiler/bin/../lib/gcc/arm-none-eabi/7.3.1/../../../../arm-none-eabi/lib/thumb/v7e-m/fpv4-sp/hard\libc.a(lib_a-atexit.o)
 .debug_frame   0x00000278       0x34 c:/ac6/systemworkbench/plugins/fr.ac6.mcu.externaltools.arm-none.win32_1.17.0.201812190825/tools/compiler/bin/../lib/gcc/arm-none-eabi/7.3.1/../../../../arm-none-eabi/lib/thumb/v7e-m/fpv4-sp/hard\libc.a(lib_a-fini.o)
 .debug_frame   0x000002ac       0xb0 c:/ac6/systemworkbench/plugins/fr.ac6.mcu.externaltools.arm-none.win32_1.17.0.201812190825/tools/compiler/bin/../lib/gcc/arm-none-eabi/7.3.1/../../../../arm-none-eabi/lib/thumb/v7e-m/fpv4-sp/hard\libc.a(lib_a-lock.o)
 .debug_frame   0x0000035c       0x34 c:/ac6/systemworkbench/plugins/fr.ac6.mcu.externaltools.arm-none.win32_1.17.0.201812190825/tools/compiler/bin/../lib/gcc/arm-none-eabi/7.3.1/../../../../arm-none-eabi/lib/thumb/v7e-m/fpv4-sp/hard\libc.a(lib_a-__atexit.o)
